(node:21132) [DEP0176] DeprecationWarning: fs.F_OK is deprecated, use fs.constants.F_OK instead
(Use `node --trace-deprecation ...` to show where the warning was created)
(node:21132) [DEP_WEBPACK_DEV_SERVER_ON_AFTER_SETUP_MIDDLEWARE] DeprecationWarning: 'onAfterSetupMiddleware' option is deprecated. Please use the 'setupMiddlewares' option.
(node:21132) [DEP_WEBPACK_DEV_SERVER_ON_BEFORE_SETUP_MIDDLEWARE] DeprecationWarning: 'onBeforeSetupMiddleware' option is deprecated. Please use the 'setupMiddlewares' option.
Starting the development server...

Compiled with warnings.

[eslint] 
src\App.js
  Line 2:299:    'Sun' is defined but never used                                                                                                                                                                                                                                                                                                                                    no-unused-vars
  Line 1380:13:  Redundant alt attribute. Screen-readers already announce `img` tags as an image. You don’t need to use the words `image`, `photo,` or `picture` (or any specified custom words) in the alt prop                                                                                                                                                                    jsx-a11y/img-redundant-alt
  Line 1392:11:  Redundant alt attribute. Screen-readers already announce `img` tags as an image. You don’t need to use the words `image`, `photo,` or `picture` (or any specified custom words) in the alt prop                                                                                                                                                                    jsx-a11y/img-redundant-alt
  Line 1654:6:   React Hook useEffect has a missing dependency: 'move'. Either include it or remove the dependency array                                                                                                                                                                                                                                                            react-hooks/exhaustive-deps
  Line 1661:6:   React Hook useEffect has a missing dependency: 'move'. Either include it or remove the dependency array                                                                                                                                                                                                                                                            react-hooks/exhaustive-deps
  Line 1897:9:   'N' is assigned a value but never used                                                                                                                                                                                                                                                                                                                             no-unused-vars
  Line 1905:12:  'force' is assigned a value but never used                                                                                                                                                                                                                                                                                                                         no-unused-vars
  Line 2158:13:  The href attribute requires a valid value to be accessible. Provide a valid, navigable address as the href value. If you cannot provide a valid href, but still need the element to resemble a link, use a button and change it with appropriate styles. Learn more: https://github.com/jsx-eslint/eslint-plugin-jsx-a11y/blob/HEAD/docs/rules/anchor-is-valid.md  jsx-a11y/anchor-is-valid
  Line 2159:13:  The href attribute requires a valid value to be accessible. Provide a valid, navigable address as the href value. If you cannot provide a valid href, but still need the element to resemble a link, use a button and change it with appropriate styles. Learn more: https://github.com/jsx-eslint/eslint-plugin-jsx-a11y/blob/HEAD/docs/rules/anchor-is-valid.md  jsx-a11y/anchor-is-valid
  Line 2214:6:   React Hook useEffect has a missing dependency: 'requestClose'. Either include it or remove the dependency array                                                                                                                                                                                                                                                    react-hooks/exhaustive-deps

Search for the keywords to learn more about each warning.
To ignore, add // eslint-disable-next-line to the line before.

[1m[33mWARNING[39m[22m in [1m[eslint] 
src\App.js
  Line 2:299:    'Sun' is defined but never used                                                                                                                                                                                                                                                                                                                                    no-unused-vars
  Line 1380:13:  Redundant alt attribute. Screen-readers already announce `img` tags as an image. You don’t need to use the words `image`, `photo,` or `picture` (or any specified custom words) in the alt prop                                                                                                                                                                    jsx-a11y/img-redundant-alt
  Line 1392:11:  Redundant alt attribute. Screen-readers already announce `img` tags as an image. You don’t need to use the words `image`, `photo,` or `picture` (or any specified custom words) in the alt prop                                                                                                                                                                    jsx-a11y/img-redundant-alt
  Line 1654:6:   React Hook useEffect has a missing dependency: 'move'. Either include it or remove the dependency array                                                                                                                                                                                                                                                            react-hooks/exhaustive-deps
  Line 1661:6:   React Hook useEffect has a missing dependency: 'move'. Either include it or remove the dependency array                                                                                                                                                                                                                                                            react-hooks/exhaustive-deps
  Line 1897:9:   'N' is assigned a value but never used                                                                                                                                                                                                                                                                                                                             no-unused-vars
  Line 1905:12:  'force' is assigned a value but never used                                                                                                                                                                                                                                                                                                                         no-unused-vars
  Line 2158:13:  The href attribute requires a valid value to be accessible. Provide a valid, navigable address as the href value. If you cannot provide a valid href, but still need the element to resemble a link, use a button and change it with appropriate styles. Learn more: https://github.com/jsx-eslint/eslint-plugin-jsx-a11y/blob/HEAD/docs/rules/anchor-is-valid.md  jsx-a11y/anchor-is-valid
  Line 2159:13:  The href attribute requires a valid value to be accessible. Provide a valid, navigable address as the href value. If you cannot provide a valid href, but still need the element to resemble a link, use a button and change it with appropriate styles. Learn more: https://github.com/jsx-eslint/eslint-plugin-jsx-a11y/blob/HEAD/docs/rules/anchor-is-valid.md  jsx-a11y/anchor-is-valid
  Line 2214:6:   React Hook useEffect has a missing dependency: 'requestClose'. Either include it or remove the dependency array                                                                                                                                                                                                                                                    react-hooks/exhaustive-deps

[39m[22m

webpack compiled with [1m[33m1 warning[39m[22m
Compiling...
Compiled with warnings.

[eslint] 
src\App.js
  Line 2:299:    'Sun' is defined but never used                                                                                                                                                                                                                                                                                                                                    no-unused-vars
  Line 1380:13:  Redundant alt attribute. Screen-readers already announce `img` tags as an image. You don’t need to use the words `image`, `photo,` or `picture` (or any specified custom words) in the alt prop                                                                                                                                                                    jsx-a11y/img-redundant-alt
  Line 1392:11:  Redundant alt attribute. Screen-readers already announce `img` tags as an image. You don’t need to use the words `image`, `photo,` or `picture` (or any specified custom words) in the alt prop                                                                                                                                                                    jsx-a11y/img-redundant-alt
  Line 1654:6:   React Hook useEffect has a missing dependency: 'move'. Either include it or remove the dependency array                                                                                                                                                                                                                                                            react-hooks/exhaustive-deps
  Line 1661:6:   React Hook useEffect has a missing dependency: 'move'. Either include it or remove the dependency array                                                                                                                                                                                                                                                            react-hooks/exhaustive-deps
  Line 1897:9:   'N' is assigned a value but never used                                                                                                                                                                                                                                                                                                                             no-unused-vars
  Line 1905:12:  'force' is assigned a value but never used                                                                                                                                                                                                                                                                                                                         no-unused-vars
  Line 2158:13:  The href attribute requires a valid value to be accessible. Provide a valid, navigable address as the href value. If you cannot provide a valid href, but still need the element to resemble a link, use a button and change it with appropriate styles. Learn more: https://github.com/jsx-eslint/eslint-plugin-jsx-a11y/blob/HEAD/docs/rules/anchor-is-valid.md  jsx-a11y/anchor-is-valid
  Line 2159:13:  The href attribute requires a valid value to be accessible. Provide a valid, navigable address as the href value. If you cannot provide a valid href, but still need the element to resemble a link, use a button and change it with appropriate styles. Learn more: https://github.com/jsx-eslint/eslint-plugin-jsx-a11y/blob/HEAD/docs/rules/anchor-is-valid.md  jsx-a11y/anchor-is-valid
  Line 2214:6:   React Hook useEffect has a missing dependency: 'requestClose'. Either include it or remove the dependency array                                                                                                                                                                                                                                                    react-hooks/exhaustive-deps

Search for the keywords to learn more about each warning.
To ignore, add // eslint-disable-next-line to the line before.

[1m[33mWARNING[39m[22m in [1m[eslint] 
src\App.js
  Line 2:299:    'Sun' is defined but never used                                                                                                                                                                                                                                                                                                                                    no-unused-vars
  Line 1380:13:  Redundant alt attribute. Screen-readers already announce `img` tags as an image. You don’t need to use the words `image`, `photo,` or `picture` (or any specified custom words) in the alt prop                                                                                                                                                                    jsx-a11y/img-redundant-alt
  Line 1392:11:  Redundant alt attribute. Screen-readers already announce `img` tags as an image. You don’t need to use the words `image`, `photo,` or `picture` (or any specified custom words) in the alt prop                                                                                                                                                                    jsx-a11y/img-redundant-alt
  Line 1654:6:   React Hook useEffect has a missing dependency: 'move'. Either include it or remove the dependency array                                                                                                                                                                                                                                                            react-hooks/exhaustive-deps
  Line 1661:6:   React Hook useEffect has a missing dependency: 'move'. Either include it or remove the dependency array                                                                                                                                                                                                                                                            react-hooks/exhaustive-deps
  Line 1897:9:   'N' is assigned a value but never used                                                                                                                                                                                                                                                                                                                             no-unused-vars
  Line 1905:12:  'force' is assigned a value but never used                                                                                                                                                                                                                                                                                                                         no-unused-vars
  Line 2158:13:  The href attribute requires a valid value to be accessible. Provide a valid, navigable address as the href value. If you cannot provide a valid href, but still need the element to resemble a link, use a button and change it with appropriate styles. Learn more: https://github.com/jsx-eslint/eslint-plugin-jsx-a11y/blob/HEAD/docs/rules/anchor-is-valid.md  jsx-a11y/anchor-is-valid
  Line 2159:13:  The href attribute requires a valid value to be accessible. Provide a valid, navigable address as the href value. If you cannot provide a valid href, but still need the element to resemble a link, use a button and change it with appropriate styles. Learn more: https://github.com/jsx-eslint/eslint-plugin-jsx-a11y/blob/HEAD/docs/rules/anchor-is-valid.md  jsx-a11y/anchor-is-valid
  Line 2214:6:   React Hook useEffect has a missing dependency: 'requestClose'. Either include it or remove the dependency array                                                                                                                                                                                                                                                    react-hooks/exhaustive-deps

[39m[22m

webpack compiled with [1m[33m1 warning[39m[22m
Compiling...
Compiled with warnings.

[eslint] 
src\App.js
  Line 2:299:    'Sun' is defined but never used                                                                                                                                                                                                                                                                                                                                    no-unused-vars
  Line 1380:13:  Redundant alt attribute. Screen-readers already announce `img` tags as an image. You don’t need to use the words `image`, `photo,` or `picture` (or any specified custom words) in the alt prop                                                                                                                                                                    jsx-a11y/img-redundant-alt
  Line 1392:11:  Redundant alt attribute. Screen-readers already announce `img` tags as an image. You don’t need to use the words `image`, `photo,` or `picture` (or any specified custom words) in the alt prop                                                                                                                                                                    jsx-a11y/img-redundant-alt
  Line 1654:6:   React Hook useEffect has a missing dependency: 'move'. Either include it or remove the dependency array                                                                                                                                                                                                                                                            react-hooks/exhaustive-deps
  Line 1661:6:   React Hook useEffect has a missing dependency: 'move'. Either include it or remove the dependency array                                                                                                                                                                                                                                                            react-hooks/exhaustive-deps
  Line 1897:9:   'N' is assigned a value but never used                                                                                                                                                                                                                                                                                                                             no-unused-vars
  Line 1905:12:  'force' is assigned a value but never used                                                                                                                                                                                                                                                                                                                         no-unused-vars
  Line 2158:13:  The href attribute requires a valid value to be accessible. Provide a valid, navigable address as the href value. If you cannot provide a valid href, but still need the element to resemble a link, use a button and change it with appropriate styles. Learn more: https://github.com/jsx-eslint/eslint-plugin-jsx-a11y/blob/HEAD/docs/rules/anchor-is-valid.md  jsx-a11y/anchor-is-valid
  Line 2159:13:  The href attribute requires a valid value to be accessible. Provide a valid, navigable address as the href value. If you cannot provide a valid href, but still need the element to resemble a link, use a button and change it with appropriate styles. Learn more: https://github.com/jsx-eslint/eslint-plugin-jsx-a11y/blob/HEAD/docs/rules/anchor-is-valid.md  jsx-a11y/anchor-is-valid
  Line 2214:6:   React Hook useEffect has a missing dependency: 'requestClose'. Either include it or remove the dependency array                                                                                                                                                                                                                                                    react-hooks/exhaustive-deps

Search for the keywords to learn more about each warning.
To ignore, add // eslint-disable-next-line to the line before.

[1m[33mWARNING[39m[22m in [1m[eslint] 
src\App.js
  Line 2:299:    'Sun' is defined but never used                                                                                                                                                                                                                                                                                                                                    no-unused-vars
  Line 1380:13:  Redundant alt attribute. Screen-readers already announce `img` tags as an image. You don’t need to use the words `image`, `photo,` or `picture` (or any specified custom words) in the alt prop                                                                                                                                                                    jsx-a11y/img-redundant-alt
  Line 1392:11:  Redundant alt attribute. Screen-readers already announce `img` tags as an image. You don’t need to use the words `image`, `photo,` or `picture` (or any specified custom words) in the alt prop                                                                                                                                                                    jsx-a11y/img-redundant-alt
  Line 1654:6:   React Hook useEffect has a missing dependency: 'move'. Either include it or remove the dependency array                                                                                                                                                                                                                                                            react-hooks/exhaustive-deps
  Line 1661:6:   React Hook useEffect has a missing dependency: 'move'. Either include it or remove the dependency array                                                                                                                                                                                                                                                            react-hooks/exhaustive-deps
  Line 1897:9:   'N' is assigned a value but never used                                                                                                                                                                                                                                                                                                                             no-unused-vars
  Line 1905:12:  'force' is assigned a value but never used                                                                                                                                                                                                                                                                                                                         no-unused-vars
  Line 2158:13:  The href attribute requires a valid value to be accessible. Provide a valid, navigable address as the href value. If you cannot provide a valid href, but still need the element to resemble a link, use a button and change it with appropriate styles. Learn more: https://github.com/jsx-eslint/eslint-plugin-jsx-a11y/blob/HEAD/docs/rules/anchor-is-valid.md  jsx-a11y/anchor-is-valid
  Line 2159:13:  The href attribute requires a valid value to be accessible. Provide a valid, navigable address as the href value. If you cannot provide a valid href, but still need the element to resemble a link, use a button and change it with appropriate styles. Learn more: https://github.com/jsx-eslint/eslint-plugin-jsx-a11y/blob/HEAD/docs/rules/anchor-is-valid.md  jsx-a11y/anchor-is-valid
  Line 2214:6:   React Hook useEffect has a missing dependency: 'requestClose'. Either include it or remove the dependency array                                                                                                                                                                                                                                                    react-hooks/exhaustive-deps

[39m[22m

webpack compiled with [1m[33m1 warning[39m[22m
